2026-03-03T18:27:37.998+01:00  INFO 3252 --- [order-service] [main] c.a.o.OrderServiceApplication            : Starting OrderServiceApplication using Java 25.0.1 with PID 3252 (C:\Users\User\Desktop\tradehub-orderbook\order-service\target\classes started by User in C:\Users\User\Desktop\tradehub-orderbook\order-service)
2026-03-03T18:27:38.005+01:00 DEBUG 3252 --- [order-service] [main] c.a.o.OrderServiceApplication            : Running with Spring Boot v4.0.3, Spring v7.0.5
2026-03-03T18:27:38.005+01:00  INFO 3252 --- [order-service] [main] c.a.o.OrderServiceApplication            : The following 1 profile is active: "dev"
2026-03-03T18:27:40.029+01:00  INFO 3252 --- [order-service] [main] o.apache.catalina.core.StandardService   : Starting service [Tomcat]
2026-03-03T18:27:40.031+01:00  INFO 3252 --- [order-service] [main] o.apache.catalina.core.StandardEngine    : Starting Servlet engine: [Apache Tomcat/11.0.18]
2026-03-03T18:27:40.405+01:00  INFO 3252 --- [order-service] [main] org.hibernate.orm.jpa                    : HHH008540: Processing PersistenceUnitInfo [name: default]
2026-03-03T18:27:40.453+01:00  INFO 3252 --- [order-service] [main] org.hibernate.orm.core                   : HHH000001: Hibernate ORM core version 7.2.4.Final
2026-03-03T18:27:41.012+01:00  INFO 3252 --- [order-service] [main] com.zaxxer.hikari.HikariDataSource       : HikariPool-1 - Starting...
2026-03-03T18:27:41.274+01:00  INFO 3252 --- [order-service] [main] com.zaxxer.hikari.pool.HikariPool        : HikariPool-1 - Added connection org.postgresql.jdbc.PgConnection@45bbb3e8
2026-03-03T18:27:41.277+01:00  INFO 3252 --- [order-service] [main] com.zaxxer.hikari.HikariDataSource       : HikariPool-1 - Start completed.
2026-03-03T18:27:41.318+01:00  WARN 3252 --- [order-service] [main] org.hibernate.orm.deprecation            : HHH90000025: PostgreSQLDialect does not need to be specified explicitly using 'hibernate.dialect' (remove the property setting and it will be selected by default)
2026-03-03T18:27:41.348+01:00  INFO 3252 --- [order-service] [main] org.hibernate.orm.connections.pooling    : HHH10001005: Database info:
	Database JDBC URL [jdbc:postgresql://localhost:5432/order_db]
	Database driver: PostgreSQL JDBC Driver
	Database dialect: PostgreSQLDialect
	Database version: 18.1
	Default catalog/schema: order_db/public
	Autocommit mode: undefined/unknown
	Isolation level: READ_COMMITTED [default READ_COMMITTED]
	JDBC fetch size: none
	Pool: DataSourceConnectionProvider
	Minimum pool size: undefined/unknown
	Maximum pool size: undefined/unknown
2026-03-03T18:27:42.346+01:00  INFO 3252 --- [order-service] [main] org.hibernate.orm.core                   : HHH000489: No JTA platform available (set 'hibernate.transaction.jta.platform' to enable JTA platform integration)
2026-03-03T18:27:42.834+01:00  WARN 3252 --- [order-service] [main] JpaBaseConfiguration$JpaWebConfiguration : spring.jpa.open-in-view is enabled by default. Therefore, database queries may be performed during view rendering. Explicitly configure spring.jpa.open-in-view to disable this warning
2026-03-03T18:27:42.933+01:00  WARN 3252 --- [order-service] [main] .s.a.UserDetailsServiceAutoConfiguration : 

Using generated security password: 0a77e906-fa54-4a07-b79d-5cd7e4d6ac22

This generated password is for development use only. Your security configuration must be updated before running your application in production.

2026-03-03T18:27:43.799+01:00  WARN 3252 --- [order-service] [main] iguration$LoadBalancerCaffeineWarnLogger : Spring Cloud LoadBalancer is currently working with the default cache. While this cache implementation is useful for development and tests, it's recommended to use Caffeine cache in production.You can switch to using Caffeine cache, by adding it and org.springframework.cache.caffeine.CaffeineCacheManager to the classpath.
2026-03-03T18:27:43.914+01:00  INFO 3252 --- [order-service] [main] com.netflix.discovery.DiscoveryClient    : Initializing Eureka in region us-east-1
2026-03-03T18:27:43.919+01:00  INFO 3252 --- [order-service] [main] c.n.d.s.r.aws.ConfigClusterResolver      : Resolving eureka endpoints via configuration
2026-03-03T18:27:43.930+01:00  INFO 3252 --- [order-service] [main] com.netflix.discovery.DiscoveryClient    : Disable delta property : false
2026-03-03T18:27:43.930+01:00  INFO 3252 --- [order-service] [main] com.netflix.discovery.DiscoveryClient    : Single vip registry refresh property : null
2026-03-03T18:27:43.930+01:00  INFO 3252 --- [order-service] [main] com.netflix.discovery.DiscoveryClient    : Force full registry fetch : false
2026-03-03T18:27:43.930+01:00  INFO 3252 --- [order-service] [main] com.netflix.discovery.DiscoveryClient    : Application is null : false
2026-03-03T18:27:43.930+01:00  INFO 3252 --- [order-service] [main] com.netflix.discovery.DiscoveryClient    : Registered Applications size is zero : true
2026-03-03T18:27:43.930+01:00  INFO 3252 --- [order-service] [main] com.netflix.discovery.DiscoveryClient    : Application version is -1: true
2026-03-03T18:27:43.930+01:00  INFO 3252 --- [order-service] [main] com.netflix.discovery.DiscoveryClient    : Getting all instance registry info from the eureka server
2026-03-03T18:27:44.267+01:00  INFO 3252 --- [order-service] [main] com.netflix.discovery.DiscoveryClient    : The response status is 200
2026-03-03T18:27:44.270+01:00  INFO 3252 --- [order-service] [main] com.netflix.discovery.DiscoveryClient    : Starting heartbeat executor: renew interval is: 30
2026-03-03T18:27:44.272+01:00  INFO 3252 --- [order-service] [main] c.n.discovery.InstanceInfoReplicator     : InstanceInfoReplicator onDemand update allowed rate per min is 4
2026-03-03T18:27:44.274+01:00  INFO 3252 --- [order-service] [main] com.netflix.discovery.DiscoveryClient    : Discovery Client initialized at timestamp 1772558864273 with initial instances count: 2
2026-03-03T18:27:44.279+01:00  INFO 3252 --- [order-service] [main] com.netflix.discovery.DiscoveryClient    : Saw local status change event StatusChangeEvent [timestamp=1772558864279, current=UP, previous=STARTING]
2026-03-03T18:27:44.280+01:00  INFO 3252 --- [order-service] [DiscoveryClient-InstanceInfoReplicator-%d] com.netflix.discovery.DiscoveryClient    : DiscoveryClient_ORDER-SERVICE/MalahatPC.mshome.net:order-service:8081: registering service...
2026-03-03T18:27:44.316+01:00  INFO 3252 --- [order-service] [DiscoveryClient-InstanceInfoReplicator-%d] com.netflix.discovery.DiscoveryClient    : DiscoveryClient_ORDER-SERVICE/MalahatPC.mshome.net:order-service:8081 - registration status: 204
2026-03-03T18:27:44.316+01:00  INFO 3252 --- [order-service] [main] c.a.o.OrderServiceApplication            : Started OrderServiceApplication in 6.751 seconds (process running for 7.468)
2026-03-03T18:27:44.666+01:00  INFO 3252 --- [order-service] [main] com.ab.orderservice.config.DataSeeder    : Orders already exist. Skipping OrderDataSeeder.
2026-03-03T18:28:34.199+01:00  INFO 3252 --- [order-service] [http-nio-8081-exec-2] o.a.c.c.C.[Tomcat].[localhost].[/]       : Initializing Spring DispatcherServlet 'dispatcherServlet'
2026-03-03T18:28:35.667+01:00  WARN 3252 --- [order-service] [http-nio-8081-exec-1] ration$PageModule$WarningLoggingModifier : Serializing PageImpl instances as-is is not supported, meaning that there is no guarantee about the stability of the resulting JSON structure!
	For a stable JSON structure, please use Spring Data's PagedModel (globally via @EnableSpringDataWebSupport(pageSerializationMode = VIA_DTO))
	or Spring HATEOAS and Spring Data's PagedResourcesAssembler as documented in https://docs.spring.io/spring-data/commons/reference/repositories/core-extensions.html#core.web.pageables.

2026-03-03T18:32:43.938+01:00  INFO 3252 --- [order-service] [AsyncResolver-bootstrap-executor-%d] c.n.d.s.r.aws.ConfigClusterResolver      : Resolving eureka endpoints via configuration
2026-03-03T18:37:43.941+01:00  INFO 3252 --- [order-service] [AsyncResolver-bootstrap-executor-%d] c.n.d.s.r.aws.ConfigClusterResolver      : Resolving eureka endpoints via configuration
2026-03-03T18:42:43.947+01:00  INFO 3252 --- [order-service] [AsyncResolver-bootstrap-executor-%d] c.n.d.s.r.aws.ConfigClusterResolver      : Resolving eureka endpoints via configuration
2026-03-03T18:47:43.955+01:00  INFO 3252 --- [order-service] [AsyncResolver-bootstrap-executor-%d] c.n.d.s.r.aws.ConfigClusterResolver      : Resolving eureka endpoints via configuration
2026-03-03T18:52:43.965+01:00  INFO 3252 --- [order-service] [AsyncResolver-bootstrap-executor-%d] c.n.d.s.r.aws.ConfigClusterResolver      : Resolving eureka endpoints via configuration
2026-03-03T18:57:43.975+01:00  INFO 3252 --- [order-service] [AsyncResolver-bootstrap-executor-%d] c.n.d.s.r.aws.ConfigClusterResolver      : Resolving eureka endpoints via configuration
2026-03-03T19:02:43.990+01:00  INFO 3252 --- [order-service] [AsyncResolver-bootstrap-executor-%d] c.n.d.s.r.aws.ConfigClusterResolver      : Resolving eureka endpoints via configuration
2026-03-03T19:07:44.000+01:00  INFO 3252 --- [order-service] [AsyncResolver-bootstrap-executor-%d] c.n.d.s.r.aws.ConfigClusterResolver      : Resolving eureka endpoints via configuration
2026-03-03T19:09:54.714+01:00  INFO 3252 --- [order-service] [http-nio-8081-exec-9] c.a.o.router.SmartOrderRouter            : AUTO_ROUTE inst=11111111 side=BUY qty=1 chosen=XNAS reason=MAKER: makerFeeBps=0 touch=null top3=1) XNAS fill=0 eff=11.00000000 vwap=null | 2) XLON fill=0 eff=11.00110000 vwap=null | 3) XTKS fill=0 eff=11.00220000 vwap=null | 
2026-03-03T19:09:55.771+01:00  INFO 3252 --- [order-service] [kafka-producer-network-thread | order-service-producer-1] c.a.o.kafka.OrderEventsProducer          : KAFKA SENT success. topic=orders.events, partition=2, offset=75, key=78, eventClass=OrderCreatedEvent
2026-03-03T19:11:09.209+01:00  INFO 3252 --- [order-service] [http-nio-8081-exec-1] c.a.o.router.SmartOrderRouter            : AUTO_ROUTE inst=1 side=BUY qty=1 chosen=XNAS reason=MAKER: makerFeeBps=0 touch=null top3=1) XNAS fill=0 eff=1.00000000 vwap=null | 2) XLON fill=0 eff=1.00010000 vwap=null | 3) XTKS fill=0 eff=1.00020000 vwap=null | 
2026-03-03T19:11:09.251+01:00  INFO 3252 --- [order-service] [kafka-producer-network-thread | order-service-producer-1] c.a.o.kafka.OrderEventsProducer          : KAFKA SENT success. topic=orders.events, partition=0, offset=91, key=79, eventClass=OrderCreatedEvent
2026-03-03T19:12:44.001+01:00  INFO 3252 --- [order-service] [AsyncResolver-bootstrap-executor-%d] c.n.d.s.r.aws.ConfigClusterResolver      : Resolving eureka endpoints via configuration
2026-03-03T19:16:11.135+01:00  INFO 3252 --- [order-service] [http-nio-8081-exec-2] c.a.o.router.SmartOrderRouter            : AUTO_ROUTE inst=1 side=SELL qty=1 chosen=XNAS reason=TAKER_VWAP: fill=1 takerFeeBps=3 vwap=1.00000000 touch=1.0000 top3=1) XNAS fill=1 eff=0.9997000000000000 vwap=1.00000000 | 2) XLON fill=0 eff=0.99990000 vwap=null | 3) XTKS fill=0 eff=0.99980000 vwap=null | 
2026-03-03T19:16:11.145+01:00  INFO 3252 --- [order-service] [http-nio-8081-exec-2] c.a.o.kafka.TradeEventsProducer          : Published TradeCreatedEvent to trades.events key=79 eventId=e022d604-1cbf-4769-a1dd-7008251f7b3a
2026-03-03T19:16:11.163+01:00  INFO 3252 --- [order-service] [kafka-producer-network-thread | order-service-producer-1] c.a.o.kafka.OrderEventsProducer          : KAFKA SENT success. topic=orders.events, partition=0, offset=92, key=80, eventClass=OrderCreatedEvent
2026-03-03T19:16:11.184+01:00  INFO 3252 --- [order-service] [kafka-producer-network-thread | order-service-producer-1] c.a.o.kafka.OrderEventsProducer          : KAFKA SENT success. topic=orders.events, partition=0, offset=93, key=79, eventClass=OrderFilledEvent
2026-03-03T19:16:11.184+01:00  INFO 3252 --- [order-service] [kafka-producer-network-thread | order-service-producer-1] c.a.o.kafka.OrderEventsProducer          : KAFKA SENT success. topic=orders.events, partition=0, offset=94, key=80, eventClass=OrderFilledEvent
2026-03-03T19:16:52.305+01:00  INFO 3252 --- [order-service] [http-nio-8081-exec-6] c.a.o.router.SmartOrderRouter            : AUTO_ROUTE inst=1 side=BUY qty=1 chosen=XNAS reason=MAKER: makerFeeBps=0 touch=null top3=1) XNAS fill=0 eff=1.00000000 vwap=null | 2) XLON fill=0 eff=1.00010000 vwap=null | 3) XTKS fill=0 eff=1.00020000 vwap=null | 
2026-03-03T19:16:52.343+01:00  INFO 3252 --- [order-service] [kafka-producer-network-thread | order-service-producer-1] c.a.o.kafka.OrderEventsProducer          : KAFKA SENT success. topic=orders.events, partition=1, offset=76, key=81, eventClass=OrderCreatedEvent
2026-03-03T19:17:44.004+01:00  INFO 3252 --- [order-service] [AsyncResolver-bootstrap-executor-%d] c.n.d.s.r.aws.ConfigClusterResolver      : Resolving eureka endpoints via configuration
2026-03-03T19:22:44.011+01:00  INFO 3252 --- [order-service] [AsyncResolver-bootstrap-executor-%d] c.n.d.s.r.aws.ConfigClusterResolver      : Resolving eureka endpoints via configuration
2026-03-03T19:27:44.017+01:00  INFO 3252 --- [order-service] [AsyncResolver-bootstrap-executor-%d] c.n.d.s.r.aws.ConfigClusterResolver      : Resolving eureka endpoints via configuration
